Archive member included to satisfy reference by file (symbol)

c:/program files (x86)/atmel/studio/7.0/toolchain/avr8/avr8-gnu-toolchain/bin/../lib/gcc/avr/4.9.2/avr25/tiny-stack\libgcc.a(_exit.o)
                              C:/Program Files (x86)/Atmel/Studio/7.0/Packs/atmel/ATtiny_DFP/1.0.78/gcc/dev/attiny2313/avr25/tiny-stack/crtattiny2313.o (exit)
c:/program files (x86)/atmel/studio/7.0/toolchain/avr8/avr8-gnu-toolchain/bin/../lib/gcc/avr/4.9.2/avr25/tiny-stack\libgcc.a(_clear_bss.o)
                              game.o (__do_clear_bss)

Discarded input sections

 .data          0x00000000        0x0 C:/Program Files (x86)/Atmel/Studio/7.0/Packs/atmel/ATtiny_DFP/1.0.78/gcc/dev/attiny2313/avr25/tiny-stack/crtattiny2313.o
 .bss           0x00000000        0x0 C:/Program Files (x86)/Atmel/Studio/7.0/Packs/atmel/ATtiny_DFP/1.0.78/gcc/dev/attiny2313/avr25/tiny-stack/crtattiny2313.o
 .text          0x00000000        0x0 game.o
 .data          0x00000000        0x0 game.o
 .bss           0x00000000        0x0 game.o
 .text.timer_control
                0x00000000       0x1c game.o
 .text          0x00000000        0x0 game_io.o
 .data          0x00000000        0x0 game_io.o
 .bss           0x00000000        0x0 game_io.o
 .text          0x00000000        0x0 init.o
 .data          0x00000000        0x0 init.o
 .bss           0x00000000        0x0 init.o
 .text.ext_interrupt_init
                0x00000000        0x6 init.o
 .text          0x00000000        0x0 main.o
 .data          0x00000000        0x0 main.o
 .bss           0x00000000        0x0 main.o
 .text          0x00000000        0x0 c:/program files (x86)/atmel/studio/7.0/toolchain/avr8/avr8-gnu-toolchain/bin/../lib/gcc/avr/4.9.2/avr25/tiny-stack\libgcc.a(_exit.o)
 .data          0x00000000        0x0 c:/program files (x86)/atmel/studio/7.0/toolchain/avr8/avr8-gnu-toolchain/bin/../lib/gcc/avr/4.9.2/avr25/tiny-stack\libgcc.a(_exit.o)
 .bss           0x00000000        0x0 c:/program files (x86)/atmel/studio/7.0/toolchain/avr8/avr8-gnu-toolchain/bin/../lib/gcc/avr/4.9.2/avr25/tiny-stack\libgcc.a(_exit.o)
 .text.libgcc.mul
                0x00000000        0x0 c:/program files (x86)/atmel/studio/7.0/toolchain/avr8/avr8-gnu-toolchain/bin/../lib/gcc/avr/4.9.2/avr25/tiny-stack\libgcc.a(_exit.o)
 .text.libgcc.div
                0x00000000        0x0 c:/program files (x86)/atmel/studio/7.0/toolchain/avr8/avr8-gnu-toolchain/bin/../lib/gcc/avr/4.9.2/avr25/tiny-stack\libgcc.a(_exit.o)
 .text.libgcc   0x00000000        0x0 c:/program files (x86)/atmel/studio/7.0/toolchain/avr8/avr8-gnu-toolchain/bin/../lib/gcc/avr/4.9.2/avr25/tiny-stack\libgcc.a(_exit.o)
 .text.libgcc.prologue
                0x00000000        0x0 c:/program files (x86)/atmel/studio/7.0/toolchain/avr8/avr8-gnu-toolchain/bin/../lib/gcc/avr/4.9.2/avr25/tiny-stack\libgcc.a(_exit.o)
 .text.libgcc.builtins
                0x00000000        0x0 c:/program files (x86)/atmel/studio/7.0/toolchain/avr8/avr8-gnu-toolchain/bin/../lib/gcc/avr/4.9.2/avr25/tiny-stack\libgcc.a(_exit.o)
 .text.libgcc.fmul
                0x00000000        0x0 c:/program files (x86)/atmel/studio/7.0/toolchain/avr8/avr8-gnu-toolchain/bin/../lib/gcc/avr/4.9.2/avr25/tiny-stack\libgcc.a(_exit.o)
 .text.libgcc.fixed
                0x00000000        0x0 c:/program files (x86)/atmel/studio/7.0/toolchain/avr8/avr8-gnu-toolchain/bin/../lib/gcc/avr/4.9.2/avr25/tiny-stack\libgcc.a(_exit.o)
 .text          0x00000000        0x0 c:/program files (x86)/atmel/studio/7.0/toolchain/avr8/avr8-gnu-toolchain/bin/../lib/gcc/avr/4.9.2/avr25/tiny-stack\libgcc.a(_clear_bss.o)
 .data          0x00000000        0x0 c:/program files (x86)/atmel/studio/7.0/toolchain/avr8/avr8-gnu-toolchain/bin/../lib/gcc/avr/4.9.2/avr25/tiny-stack\libgcc.a(_clear_bss.o)
 .bss           0x00000000        0x0 c:/program files (x86)/atmel/studio/7.0/toolchain/avr8/avr8-gnu-toolchain/bin/../lib/gcc/avr/4.9.2/avr25/tiny-stack\libgcc.a(_clear_bss.o)
 .text.libgcc.mul
                0x00000000        0x0 c:/program files (x86)/atmel/studio/7.0/toolchain/avr8/avr8-gnu-toolchain/bin/../lib/gcc/avr/4.9.2/avr25/tiny-stack\libgcc.a(_clear_bss.o)
 .text.libgcc.div
                0x00000000        0x0 c:/program files (x86)/atmel/studio/7.0/toolchain/avr8/avr8-gnu-toolchain/bin/../lib/gcc/avr/4.9.2/avr25/tiny-stack\libgcc.a(_clear_bss.o)
 .text.libgcc   0x00000000        0x0 c:/program files (x86)/atmel/studio/7.0/toolchain/avr8/avr8-gnu-toolchain/bin/../lib/gcc/avr/4.9.2/avr25/tiny-stack\libgcc.a(_clear_bss.o)
 .text.libgcc.prologue
                0x00000000        0x0 c:/program files (x86)/atmel/studio/7.0/toolchain/avr8/avr8-gnu-toolchain/bin/../lib/gcc/avr/4.9.2/avr25/tiny-stack\libgcc.a(_clear_bss.o)
 .text.libgcc.builtins
                0x00000000        0x0 c:/program files (x86)/atmel/studio/7.0/toolchain/avr8/avr8-gnu-toolchain/bin/../lib/gcc/avr/4.9.2/avr25/tiny-stack\libgcc.a(_clear_bss.o)
 .text.libgcc.fmul
                0x00000000        0x0 c:/program files (x86)/atmel/studio/7.0/toolchain/avr8/avr8-gnu-toolchain/bin/../lib/gcc/avr/4.9.2/avr25/tiny-stack\libgcc.a(_clear_bss.o)
 .text.libgcc.fixed
                0x00000000        0x0 c:/program files (x86)/atmel/studio/7.0/toolchain/avr8/avr8-gnu-toolchain/bin/../lib/gcc/avr/4.9.2/avr25/tiny-stack\libgcc.a(_clear_bss.o)

Memory Configuration

Name             Origin             Length             Attributes
text             0x00000000         0x00002000         xr
data             0x00800060         0x0000ffa0         rw !x
eeprom           0x00810000         0x00010000         rw !x
fuse             0x00820000         0x00000400         rw !x
lock             0x00830000         0x00000400         rw !x
signature        0x00840000         0x00000400         rw !x
user_signatures  0x00850000         0x00000400         rw !x
*default*        0x00000000         0xffffffff

Linker script and memory map

LOAD C:/Program Files (x86)/Atmel/Studio/7.0/Packs/atmel/ATtiny_DFP/1.0.78/gcc/dev/attiny2313/avr25/tiny-stack/crtattiny2313.o
LOAD game.o
LOAD game_io.o
LOAD init.o
LOAD main.o
START GROUP
LOAD c:/program files (x86)/atmel/studio/7.0/toolchain/avr8/avr8-gnu-toolchain/bin/../lib/gcc/avr/4.9.2/../../../../avr/lib/avr25/tiny-stack\libm.a
END GROUP
START GROUP
LOAD c:/program files (x86)/atmel/studio/7.0/toolchain/avr8/avr8-gnu-toolchain/bin/../lib/gcc/avr/4.9.2/avr25/tiny-stack\libgcc.a
LOAD c:/program files (x86)/atmel/studio/7.0/toolchain/avr8/avr8-gnu-toolchain/bin/../lib/gcc/avr/4.9.2/../../../../avr/lib/avr25/tiny-stack\libm.a
LOAD c:/program files (x86)/atmel/studio/7.0/toolchain/avr8/avr8-gnu-toolchain/bin/../lib/gcc/avr/4.9.2/../../../../avr/lib/avr25/tiny-stack\libc.a
LOAD C:/Program Files (x86)/Atmel/Studio/7.0/Packs/atmel/ATtiny_DFP/1.0.78/gcc/dev/attiny2313/avr25/tiny-stack\libattiny2313.a
END GROUP

.hash
 *(.hash)

.dynsym
 *(.dynsym)

.dynstr
 *(.dynstr)

.gnu.version
 *(.gnu.version)

.gnu.version_d
 *(.gnu.version_d)

.gnu.version_r
 *(.gnu.version_r)

.rel.init
 *(.rel.init)

.rela.init
 *(.rela.init)

.rel.text
 *(.rel.text)
 *(.rel.text.*)
 *(.rel.gnu.linkonce.t*)

.rela.text
 *(.rela.text)
 *(.rela.text.*)
 *(.rela.gnu.linkonce.t*)

.rel.fini
 *(.rel.fini)

.rela.fini
 *(.rela.fini)

.rel.rodata
 *(.rel.rodata)
 *(.rel.rodata.*)
 *(.rel.gnu.linkonce.r*)

.rela.rodata
 *(.rela.rodata)
 *(.rela.rodata.*)
 *(.rela.gnu.linkonce.r*)

.rel.data
 *(.rel.data)
 *(.rel.data.*)
 *(.rel.gnu.linkonce.d*)

.rela.data
 *(.rela.data)
 *(.rela.data.*)
 *(.rela.gnu.linkonce.d*)

.rel.ctors
 *(.rel.ctors)

.rela.ctors
 *(.rela.ctors)

.rel.dtors
 *(.rel.dtors)

.rela.dtors
 *(.rela.dtors)

.rel.got
 *(.rel.got)

.rela.got
 *(.rela.got)

.rel.bss
 *(.rel.bss)

.rela.bss
 *(.rela.bss)

.rel.plt
 *(.rel.plt)

.rela.plt
 *(.rela.plt)

.text           0x00000000      0x216
 *(.vectors)
 .vectors       0x00000000       0x26 C:/Program Files (x86)/Atmel/Studio/7.0/Packs/atmel/ATtiny_DFP/1.0.78/gcc/dev/attiny2313/avr25/tiny-stack/crtattiny2313.o
                0x00000000                __vector_default
                0x00000000                __vectors
 *(.vectors)
 *(.progmem.gcc*)
 .progmem.gcc_sw_table.led_mode
                0x00000026       0x10 game_io.o
                0x00000036                . = ALIGN (0x2)
                0x00000036                __trampolines_start = .
 *(.trampolines)
 .trampolines   0x00000036        0x0 linker stubs
 *(.trampolines*)
                0x00000036                __trampolines_end = .
 *(.progmem*)
                0x00000036                . = ALIGN (0x2)
 *(.jumptables)
 *(.jumptables*)
 *(.lowtext)
 *(.lowtext*)
                0x00000036                __ctors_start = .
 *(.ctors)
                0x00000036                __ctors_end = .
                0x00000036                __dtors_start = .
 *(.dtors)
                0x00000036                __dtors_end = .
 SORT(*)(.ctors)
 SORT(*)(.dtors)
 *(.init0)
 .init0         0x00000036        0x0 C:/Program Files (x86)/Atmel/Studio/7.0/Packs/atmel/ATtiny_DFP/1.0.78/gcc/dev/attiny2313/avr25/tiny-stack/crtattiny2313.o
                0x00000036                __init
 *(.init0)
 *(.init1)
 *(.init1)
 *(.init2)
 .init2         0x00000036        0x8 C:/Program Files (x86)/Atmel/Studio/7.0/Packs/atmel/ATtiny_DFP/1.0.78/gcc/dev/attiny2313/avr25/tiny-stack/crtattiny2313.o
 *(.init2)
 *(.init3)
 *(.init3)
 *(.init4)
 .init4         0x0000003e       0x10 c:/program files (x86)/atmel/studio/7.0/toolchain/avr8/avr8-gnu-toolchain/bin/../lib/gcc/avr/4.9.2/avr25/tiny-stack\libgcc.a(_clear_bss.o)
                0x0000003e                __do_clear_bss
 *(.init4)
 *(.init5)
 *(.init5)
 *(.init6)
 *(.init6)
 *(.init7)
 *(.init7)
 *(.init8)
 *(.init8)
 *(.init9)
 .init9         0x0000004e        0x4 C:/Program Files (x86)/Atmel/Studio/7.0/Packs/atmel/ATtiny_DFP/1.0.78/gcc/dev/attiny2313/avr25/tiny-stack/crtattiny2313.o
 *(.init9)
 *(.text)
 .text          0x00000052        0x2 C:/Program Files (x86)/Atmel/Studio/7.0/Packs/atmel/ATtiny_DFP/1.0.78/gcc/dev/attiny2313/avr25/tiny-stack/crtattiny2313.o
                0x00000052                __vector_1
                0x00000052                __vector_12
                0x00000052                __bad_interrupt
                0x00000052                __vector_6
                0x00000052                __vector_3
                0x00000052                __vector_13
                0x00000052                __vector_17
                0x00000052                __vector_7
                0x00000052                __vector_5
                0x00000052                __vector_9
                0x00000052                __vector_2
                0x00000052                __vector_15
                0x00000052                __vector_8
                0x00000052                __vector_14
                0x00000052                __vector_10
                0x00000052                __vector_16
                0x00000052                __vector_18
                0x00000054                . = ALIGN (0x2)
 *(.text.*)
 .text.start_game_SM
                0x00000054       0xe8 game.o
                0x00000054                start_game_SM
 .text.read_start_button
                0x0000013c        0x6 game_io.o
                0x0000013c                read_start_button
 .text.players_button
                0x00000142       0x18 game_io.o
                0x00000142                players_button
 .text.led_mode
                0x0000015a       0x4e game_io.o
                0x0000015a                led_mode
 .text.init_timer
                0x000001a8       0x12 init.o
                0x000001a8                init_timer
 .text.init_ports
                0x000001ba        0xc init.o
                0x000001ba                init_ports
 .text.init_system
                0x000001c6        0xa init.o
                0x000001c6                init_system
 .text.main     0x000001d0        0xa main.o
                0x000001d0                main
 .text.__vector_4
                0x000001da       0x1c main.o
                0x000001da                __vector_4
 .text.__vector_11
                0x000001f6       0x1c main.o
                0x000001f6                __vector_11
                0x00000212                . = ALIGN (0x2)
 *(.fini9)
 .fini9         0x00000212        0x0 c:/program files (x86)/atmel/studio/7.0/toolchain/avr8/avr8-gnu-toolchain/bin/../lib/gcc/avr/4.9.2/avr25/tiny-stack\libgcc.a(_exit.o)
                0x00000212                _exit
                0x00000212                exit
 *(.fini9)
 *(.fini8)
 *(.fini8)
 *(.fini7)
 *(.fini7)
 *(.fini6)
 *(.fini6)
 *(.fini5)
 *(.fini5)
 *(.fini4)
 *(.fini4)
 *(.fini3)
 *(.fini3)
 *(.fini2)
 *(.fini2)
 *(.fini1)
 *(.fini1)
 *(.fini0)
 .fini0         0x00000212        0x4 c:/program files (x86)/atmel/studio/7.0/toolchain/avr8/avr8-gnu-toolchain/bin/../lib/gcc/avr/4.9.2/avr25/tiny-stack\libgcc.a(_exit.o)
 *(.fini0)
                0x00000216                _etext = .

.data           0x00800060        0x0 load address 0x00000216
                0x00800060                PROVIDE (__data_start, .)
 *(.data)
 *(.data*)
 *(.rodata)
 *(.rodata*)
 *(.gnu.linkonce.d*)
                0x00800060                . = ALIGN (0x2)
                0x00800060                _edata = .
                0x00800060                PROVIDE (__data_end, .)

.bss            0x00800060        0x3
                0x00800060                PROVIDE (__bss_start, .)
 *(.bss)
 *(.bss*)
 .bss.pinIn     0x00800060        0x2 game.o
                0x00800060                pinIn
 .bss.state     0x00800062        0x1 game.o
                0x00800062                state
 *(COMMON)
                0x00800063                PROVIDE (__bss_end, .)
                0x00000216                __data_load_start = LOADADDR (.data)
                0x00000216                __data_load_end = (__data_load_start + SIZEOF (.data))

.noinit         0x00800063        0x0
                0x00800063                PROVIDE (__noinit_start, .)
 *(.noinit*)
                0x00800063                PROVIDE (__noinit_end, .)
                0x00800063                _end = .
                0x00800063                PROVIDE (__heap_start, .)

.eeprom         0x00810000        0x0
 *(.eeprom*)
                0x00810000                __eeprom_end = .

.fuse
 *(.fuse)
 *(.lfuse)
 *(.hfuse)
 *(.efuse)

.lock
 *(.lock*)

.signature
 *(.signature*)

.user_signatures
 *(.user_signatures*)

.stab
 *(.stab)

.stabstr
 *(.stabstr)

.stab.excl
 *(.stab.excl)

.stab.exclstr
 *(.stab.exclstr)

.stab.index
 *(.stab.index)

.stab.indexstr
 *(.stab.indexstr)

.comment        0x00000000       0x30
 *(.comment)
 .comment       0x00000000       0x30 game.o
                                 0x31 (size before relaxing)
 .comment       0x00000030       0x31 game_io.o
 .comment       0x00000030       0x31 init.o
 .comment       0x00000030       0x31 main.o

.note.gnu.avr.deviceinfo
                0x00000000       0x40
 .note.gnu.avr.deviceinfo
                0x00000000       0x40 C:/Program Files (x86)/Atmel/Studio/7.0/Packs/atmel/ATtiny_DFP/1.0.78/gcc/dev/attiny2313/avr25/tiny-stack/crtattiny2313.o

.note.gnu.build-id
 *(.note.gnu.build-id)

.debug
 *(.debug)

.line
 *(.line)

.debug_srcinfo
 *(.debug_srcinfo)

.debug_sfnames
 *(.debug_sfnames)

.debug_aranges  0x00000000       0xc0
 *(.debug_aranges)
 .debug_aranges
                0x00000000       0x28 game.o
 .debug_aranges
                0x00000028       0x30 game_io.o
 .debug_aranges
                0x00000058       0x38 init.o
 .debug_aranges
                0x00000090       0x30 main.o

.debug_pubnames
 *(.debug_pubnames)

.debug_info     0x00000000      0x56f
 *(.debug_info .gnu.linkonce.wi.*)
 .debug_info    0x00000000      0x2c2 game.o
 .debug_info    0x000002c2       0xd7 game_io.o
 .debug_info    0x00000399       0xf8 init.o
 .debug_info    0x00000491       0xde main.o

.debug_abbrev   0x00000000      0x30a
 *(.debug_abbrev)
 .debug_abbrev  0x00000000      0x149 game.o
 .debug_abbrev  0x00000149       0x94 game_io.o
 .debug_abbrev  0x000001dd       0xa4 init.o
 .debug_abbrev  0x00000281       0x89 main.o

.debug_line     0x00000000      0x3a5
 *(.debug_line .debug_line.* .debug_line_end)
 .debug_line    0x00000000      0x116 game.o
 .debug_line    0x00000116       0xdc game_io.o
 .debug_line    0x000001f2       0xd6 init.o
 .debug_line    0x000002c8       0xdd main.o

.debug_frame    0x00000000      0x130
 *(.debug_frame)
 .debug_frame   0x00000000       0x34 game.o
 .debug_frame   0x00000034       0x44 game_io.o
 .debug_frame   0x00000078       0x54 init.o
 .debug_frame   0x000000cc       0x64 main.o

.debug_str      0x00000000      0x295
 *(.debug_str)
 .debug_str     0x00000000      0x214 game.o
                                0x24d (size before relaxing)
 .debug_str     0x00000214        0xf game_io.o
                                0x1dc (size before relaxing)
 .debug_str     0x00000223       0x4a init.o
                                0x1e8 (size before relaxing)
 .debug_str     0x0000026d       0x28 main.o
                                0x1e0 (size before relaxing)

.debug_loc      0x00000000      0x20e
 *(.debug_loc)
 .debug_loc     0x00000000       0x76 game.o
 .debug_loc     0x00000076      0x120 game_io.o
 .debug_loc     0x00000196       0x78 main.o

.debug_macinfo
 *(.debug_macinfo)

.debug_weaknames
 *(.debug_weaknames)

.debug_funcnames
 *(.debug_funcnames)

.debug_typenames
 *(.debug_typenames)

.debug_varnames
 *(.debug_varnames)

.debug_pubtypes
 *(.debug_pubtypes)

.debug_ranges   0x00000000       0x80
 *(.debug_ranges)
 .debug_ranges  0x00000000       0x18 game.o
 .debug_ranges  0x00000018       0x20 game_io.o
 .debug_ranges  0x00000038       0x28 init.o
 .debug_ranges  0x00000060       0x20 main.o

.debug_macro
 *(.debug_macro)
OUTPUT(reaction_game.elf elf32-avr)
LOAD linker stubs
